// Jest Snapshot v1, https://goo.gl/fbAQLP

exports[`snapshot 1`] = `
<div>
  <div
    class="App"
  >
    <div
      data-testid="loading"
    >
       loading... 
    </div>
  </div>
</div>
`;
